// Jest Snapshot v1, https://goo.gl/fbAQLP

exports[`Button should render correctly 1`] = `
<Fragment>
  <Button
    className="mock-button-className"
    size="sm"
    sx={
      Object {
        "border": "1px solid transparent",
        "borderRadius": "4px",
        "boxShadow": "0px 3px 1px -2px rgba(#000, 0.2), 0px 2px 2px 0px rgba(#000, 0.14), 0px 1px 5px 0px rgba(#000, 0.12)",
      }
    }
  />
</Fragment>
`;
