// Jest Snapshot v1, https://goo.gl/fbAQLP

exports[`IconButton should render correctly 1`] = `
<Fragment>
  <IconButton
    border="1px solid transparent"
    boxShadow="0px 3px 1px -2px rgba(#000, 0.2), 0px 2px 2px 0px rgba(#000, 0.14), 0px 1px 5px 0px rgba(#000, 0.12)"
    className="mock-button-className"
    isRound={true}
    size="sm"
  />
</Fragment>
`;
