// Jest Snapshot v1, https://goo.gl/fbAQLP

exports[`Checkbox should render correctly 1`] = `
<Checkbox
  isChecked={true}
  isIndeterminate={false}
  onChange={[Function]}
/>
`;
