// Jest Snapshot v1, https://goo.gl/fbAQLP

exports[`InputNumber should render correctly 1`] = `
<NumberInput
  allowMouseWheel={true}
  clampValueOnBlur={true}
  max={20}
  min={0}
  onChange={[Function]}
  precision={2}
  step={0.5}
  value={0.5}
>
  <NumberInputField />
  <NumberInputStepper>
    <NumberIncrementStepper />
    <NumberDecrementStepper />
  </NumberInputStepper>
</NumberInput>
`;
